// Jest Snapshot v1, https://goo.gl/fbAQLP

exports[`Split Button Dropdown component renders a top-level button and a menu with icon button as the trigger 1`] = `
<div class="flex items-center"><a href="https://github.com" type="link" class="inline-flex items-center font-medium transition-colors duration-300 ease-in-out rounded-sm z-btn focus:outline-none whitespace-nowrap -mr-0.5 text-vanilla-100 justify-center p-0 h-8 px-4 py-1 text-xs space-x-1 leading-loose bg-ink-300 hover:bg-ink-200" rel="noopener noreferrer" target="_blank"><svg viewBox="0 0 24 24" stroke-linecap="round" stroke-linejoin="round" fill="none" class="z-icon w-4 h-4 z-icon--github text-vanilla-100 mr-1.5">
      <path d="M12 1C9.38799 1.00011 6.8613 1.92962 4.87196 3.62221C2.88263 5.31481 1.56048 7.66004 1.14208 10.2383C0.723674 12.8165 1.23633 15.4595 2.58831 17.6943C3.94029 19.9291 6.04337 21.61 8.52125 22.4361C9.07124 22.5324 9.27749 22.2024 9.27749 21.9136C9.27749 21.6524 9.26373 20.7861 9.26373 19.8649C6.49999 20.3736 5.785 19.1912 5.565 18.5724C5.32088 17.9706 4.93391 17.4373 4.43751 17.0186C4.05251 16.8124 3.50251 16.3036 4.42375 16.2899C4.77551 16.3281 5.11289 16.4505 5.40729 16.6468C5.7017 16.843 5.94446 17.1074 6.11499 17.4174C6.26544 17.6876 6.46774 17.9256 6.7103 18.1175C6.95286 18.3095 7.23091 18.4517 7.52852 18.536C7.82613 18.6203 8.13745 18.645 8.44464 18.6088C8.75184 18.5726 9.04886 18.4761 9.3187 18.3249C9.36632 17.7657 9.61554 17.2428 10.02 16.8537C7.57248 16.5787 5.015 15.6299 5.015 11.4225C4.99954 10.3292 5.40295 9.27151 6.14249 8.46623C5.80621 7.51608 5.84555 6.47336 6.25249 5.55125C6.25249 5.55125 7.1737 5.26249 9.27747 6.67874C11.0774 6.18372 12.9775 6.18372 14.7774 6.67874C16.8811 5.24875 17.8024 5.55125 17.8024 5.55125C18.2094 6.47334 18.2488 7.51609 17.9124 8.46623C18.6542 9.27013 19.0579 10.3288 19.0399 11.4225C19.0399 15.6436 16.4686 16.5787 14.0212 16.8537C14.2837 17.1197 14.4859 17.4392 14.614 17.7903C14.7421 18.1415 14.7932 18.516 14.7637 18.8887C14.7637 20.3599 14.7499 21.5424 14.7499 21.9136C14.7499 22.2024 14.9562 22.5461 15.5062 22.4361C17.9797 21.6033 20.0767 19.9185 21.4229 17.6825C22.7692 15.4466 23.2769 12.8049 22.8556 10.2292C22.4343 7.65346 21.1114 5.31128 19.1229 3.62074C17.1345 1.93021 14.6099 1.00136 12 1V1Z" fill="currentColor"></path>
    </svg>
    GitHub
  </a>
  <div class="relative z-divider inline-block w-px h-4 mx-0 align-middle bg-slate">
    <!---->
  </div> <span class="relative z-menu"><div class="leading-none"><button href="#" type="button" class="inline-flex items-center font-medium transition-colors duration-300 ease-in-out rounded-sm z-btn focus:outline-none whitespace-nowrap text-vanilla-100 justify-center h-8 px-4 py-1 text-xs space-x-1 leading-loose bg-ink-300 hover:bg-ink-200"><!----> <svg viewBox="0 0 24 24" stroke-linecap="round" stroke-linejoin="round" fill="none" class="z-icon w-4 h-4 z-icon--chevron-down text-vanilla-400"><polyline points="6 9 12 15 18 9"></polyline></svg></button></div> <transition-stub enterclass="sm:opacity-0 sm:scale-75" leaveclass="sm:opacity-100 sm:scale-100" entertoclass="sm:opacity-100 sm:scale-100" leavetoclass="sm:opacity-0 sm:scale-75" enteractiveclass="animate-slide-bottom-enter-active sm:animate-none sm:transition-all sm:duration-75 sm:ease-out-quad" leaveactiveclass="animate-slide-bottom-leave-active sm:animate-none sm:transition-all sm:duration-150 sm:ease-in-quad"><!----></transition-stub></span>
</div>
`;

exports[`Split Button Dropdown component renders split button dropdown of various sizes 1`] = `
<div>
  <div class="flex items-center"><a href="https://github.com" type="link" class="inline-flex items-center font-medium transition-colors duration-300 ease-in-out rounded-sm z-btn focus:outline-none whitespace-nowrap -mr-0.5 text-vanilla-100 justify-center p-0 h-8 px-4 py-1 text-xs space-x-1 leading-loose bg-ink-300 hover:bg-ink-200" rel="noopener noreferrer" target="_blank"><svg viewBox="0 0 24 24" stroke-linecap="round" stroke-linejoin="round" fill="none" class="z-icon w-4 h-4 z-icon--github text-vanilla-100 mr-1.5">
        <path d="M12 1C9.38799 1.00011 6.8613 1.92962 4.87196 3.62221C2.88263 5.31481 1.56048 7.66004 1.14208 10.2383C0.723674 12.8165 1.23633 15.4595 2.58831 17.6943C3.94029 19.9291 6.04337 21.61 8.52125 22.4361C9.07124 22.5324 9.27749 22.2024 9.27749 21.9136C9.27749 21.6524 9.26373 20.7861 9.26373 19.8649C6.49999 20.3736 5.785 19.1912 5.565 18.5724C5.32088 17.9706 4.93391 17.4373 4.43751 17.0186C4.05251 16.8124 3.50251 16.3036 4.42375 16.2899C4.77551 16.3281 5.11289 16.4505 5.40729 16.6468C5.7017 16.843 5.94446 17.1074 6.11499 17.4174C6.26544 17.6876 6.46774 17.9256 6.7103 18.1175C6.95286 18.3095 7.23091 18.4517 7.52852 18.536C7.82613 18.6203 8.13745 18.645 8.44464 18.6088C8.75184 18.5726 9.04886 18.4761 9.3187 18.3249C9.36632 17.7657 9.61554 17.2428 10.02 16.8537C7.57248 16.5787 5.015 15.6299 5.015 11.4225C4.99954 10.3292 5.40295 9.27151 6.14249 8.46623C5.80621 7.51608 5.84555 6.47336 6.25249 5.55125C6.25249 5.55125 7.1737 5.26249 9.27747 6.67874C11.0774 6.18372 12.9775 6.18372 14.7774 6.67874C16.8811 5.24875 17.8024 5.55125 17.8024 5.55125C18.2094 6.47334 18.2488 7.51609 17.9124 8.46623C18.6542 9.27013 19.0579 10.3288 19.0399 11.4225C19.0399 15.6436 16.4686 16.5787 14.0212 16.8537C14.2837 17.1197 14.4859 17.4392 14.614 17.7903C14.7421 18.1415 14.7932 18.516 14.7637 18.8887C14.7637 20.3599 14.7499 21.5424 14.7499 21.9136C14.7499 22.2024 14.9562 22.5461 15.5062 22.4361C17.9797 21.6033 20.0767 19.9185 21.4229 17.6825C22.7692 15.4466 23.2769 12.8049 22.8556 10.2292C22.4343 7.65346 21.1114 5.31128 19.1229 3.62074C17.1345 1.93021 14.6099 1.00136 12 1V1Z" fill="currentColor"></path>
      </svg>
      GitHub
    </a>
    <div class="relative z-divider inline-block w-px h-4 mx-0 align-middle bg-slate">
      <!---->
    </div> <span class="relative z-menu"><div class="leading-none"><button href="#" type="button" class="inline-flex items-center font-medium transition-colors duration-300 ease-in-out rounded-sm z-btn focus:outline-none whitespace-nowrap text-vanilla-100 justify-center h-8 px-4 py-1 text-xs space-x-1 leading-loose bg-ink-300 hover:bg-ink-200"><!----> <svg viewBox="0 0 24 24" stroke-linecap="round" stroke-linejoin="round" fill="none" class="z-icon w-4 h-4 z-icon--chevron-down text-vanilla-400"><polyline points="6 9 12 15 18 9"></polyline></svg></button></div> <transition-stub enterclass="sm:opacity-0 sm:scale-75" leaveclass="sm:opacity-100 sm:scale-100" entertoclass="sm:opacity-100 sm:scale-100" leavetoclass="sm:opacity-0 sm:scale-75" enteractiveclass="animate-slide-bottom-enter-active sm:animate-none sm:transition-all sm:duration-75 sm:ease-out-quad" leaveactiveclass="animate-slide-bottom-leave-active sm:animate-none sm:transition-all sm:duration-150 sm:ease-in-quad"><!----></transition-stub></span>
  </div>
  <div class="flex items-center"><a href="https://github.com" type="link" class="inline-flex items-center font-medium transition-colors duration-300 ease-in-out rounded-sm z-btn focus:outline-none whitespace-nowrap -mr-0.5 text-vanilla-100 justify-center p-0 h-10 px-4 py-2 text-base space-x-2 leading-8 bg-ink-300 hover:bg-ink-200" rel="noopener noreferrer" target="_blank"><svg viewBox="0 0 24 24" stroke-linecap="round" stroke-linejoin="round" fill="none" class="z-icon w-5 h-5 z-icon--github text-vanilla-100 mr-2">
        <path d="M12 1C9.38799 1.00011 6.8613 1.92962 4.87196 3.62221C2.88263 5.31481 1.56048 7.66004 1.14208 10.2383C0.723674 12.8165 1.23633 15.4595 2.58831 17.6943C3.94029 19.9291 6.04337 21.61 8.52125 22.4361C9.07124 22.5324 9.27749 22.2024 9.27749 21.9136C9.27749 21.6524 9.26373 20.7861 9.26373 19.8649C6.49999 20.3736 5.785 19.1912 5.565 18.5724C5.32088 17.9706 4.93391 17.4373 4.43751 17.0186C4.05251 16.8124 3.50251 16.3036 4.42375 16.2899C4.77551 16.3281 5.11289 16.4505 5.40729 16.6468C5.7017 16.843 5.94446 17.1074 6.11499 17.4174C6.26544 17.6876 6.46774 17.9256 6.7103 18.1175C6.95286 18.3095 7.23091 18.4517 7.52852 18.536C7.82613 18.6203 8.13745 18.645 8.44464 18.6088C8.75184 18.5726 9.04886 18.4761 9.3187 18.3249C9.36632 17.7657 9.61554 17.2428 10.02 16.8537C7.57248 16.5787 5.015 15.6299 5.015 11.4225C4.99954 10.3292 5.40295 9.27151 6.14249 8.46623C5.80621 7.51608 5.84555 6.47336 6.25249 5.55125C6.25249 5.55125 7.1737 5.26249 9.27747 6.67874C11.0774 6.18372 12.9775 6.18372 14.7774 6.67874C16.8811 5.24875 17.8024 5.55125 17.8024 5.55125C18.2094 6.47334 18.2488 7.51609 17.9124 8.46623C18.6542 9.27013 19.0579 10.3288 19.0399 11.4225C19.0399 15.6436 16.4686 16.5787 14.0212 16.8537C14.2837 17.1197 14.4859 17.4392 14.614 17.7903C14.7421 18.1415 14.7932 18.516 14.7637 18.8887C14.7637 20.3599 14.7499 21.5424 14.7499 21.9136C14.7499 22.2024 14.9562 22.5461 15.5062 22.4361C17.9797 21.6033 20.0767 19.9185 21.4229 17.6825C22.7692 15.4466 23.2769 12.8049 22.8556 10.2292C22.4343 7.65346 21.1114 5.31128 19.1229 3.62074C17.1345 1.93021 14.6099 1.00136 12 1V1Z" fill="currentColor"></path>
      </svg>
      GitHub
    </a>
    <div class="relative z-divider inline-block w-px h-4 mx-0 align-middle bg-slate h-6">
      <!---->
    </div> <span class="relative z-menu"><div class="leading-none"><button href="#" type="button" class="inline-flex items-center font-medium transition-colors duration-300 ease-in-out rounded-sm z-btn focus:outline-none whitespace-nowrap text-vanilla-100 justify-center h-10 px-4 py-2 text-base space-x-2 leading-8 bg-ink-300 hover:bg-ink-200"><!----> <svg viewBox="0 0 24 24" stroke-linecap="round" stroke-linejoin="round" fill="none" class="z-icon w-5 h-5 z-icon--chevron-down text-vanilla-400"><polyline points="6 9 12 15 18 9"></polyline></svg></button></div> <transition-stub enterclass="sm:opacity-0 sm:scale-75" leaveclass="sm:opacity-100 sm:scale-100" entertoclass="sm:opacity-100 sm:scale-100" leavetoclass="sm:opacity-0 sm:scale-75" enteractiveclass="animate-slide-bottom-enter-active sm:animate-none sm:transition-all sm:duration-75 sm:ease-out-quad" leaveactiveclass="animate-slide-bottom-leave-active sm:animate-none sm:transition-all sm:duration-150 sm:ease-in-quad"><!----></transition-stub></span>
  </div>
  <div class="flex items-center"><a href="https://github.com" type="link" class="inline-flex items-center font-medium transition-colors duration-300 ease-in-out rounded-sm z-btn focus:outline-none whitespace-nowrap -mr-0.5 text-vanilla-100 justify-center p-0 h-12 px-4 py-2.5 text-lg space-x-2.5 leading-9 bg-ink-300 hover:bg-ink-200" rel="noopener noreferrer" target="_blank"><svg viewBox="0 0 24 24" stroke-linecap="round" stroke-linejoin="round" fill="none" class="z-icon w-6 h-6 z-icon--github text-vanilla-100 mr-2.5">
        <path d="M12 1C9.38799 1.00011 6.8613 1.92962 4.87196 3.62221C2.88263 5.31481 1.56048 7.66004 1.14208 10.2383C0.723674 12.8165 1.23633 15.4595 2.58831 17.6943C3.94029 19.9291 6.04337 21.61 8.52125 22.4361C9.07124 22.5324 9.27749 22.2024 9.27749 21.9136C9.27749 21.6524 9.26373 20.7861 9.26373 19.8649C6.49999 20.3736 5.785 19.1912 5.565 18.5724C5.32088 17.9706 4.93391 17.4373 4.43751 17.0186C4.05251 16.8124 3.50251 16.3036 4.42375 16.2899C4.77551 16.3281 5.11289 16.4505 5.40729 16.6468C5.7017 16.843 5.94446 17.1074 6.11499 17.4174C6.26544 17.6876 6.46774 17.9256 6.7103 18.1175C6.95286 18.3095 7.23091 18.4517 7.52852 18.536C7.82613 18.6203 8.13745 18.645 8.44464 18.6088C8.75184 18.5726 9.04886 18.4761 9.3187 18.3249C9.36632 17.7657 9.61554 17.2428 10.02 16.8537C7.57248 16.5787 5.015 15.6299 5.015 11.4225C4.99954 10.3292 5.40295 9.27151 6.14249 8.46623C5.80621 7.51608 5.84555 6.47336 6.25249 5.55125C6.25249 5.55125 7.1737 5.26249 9.27747 6.67874C11.0774 6.18372 12.9775 6.18372 14.7774 6.67874C16.8811 5.24875 17.8024 5.55125 17.8024 5.55125C18.2094 6.47334 18.2488 7.51609 17.9124 8.46623C18.6542 9.27013 19.0579 10.3288 19.0399 11.4225C19.0399 15.6436 16.4686 16.5787 14.0212 16.8537C14.2837 17.1197 14.4859 17.4392 14.614 17.7903C14.7421 18.1415 14.7932 18.516 14.7637 18.8887C14.7637 20.3599 14.7499 21.5424 14.7499 21.9136C14.7499 22.2024 14.9562 22.5461 15.5062 22.4361C17.9797 21.6033 20.0767 19.9185 21.4229 17.6825C22.7692 15.4466 23.2769 12.8049 22.8556 10.2292C22.4343 7.65346 21.1114 5.31128 19.1229 3.62074C17.1345 1.93021 14.6099 1.00136 12 1V1Z" fill="currentColor"></path>
      </svg>
      GitHub
    </a>
    <div class="relative z-divider inline-block w-px h-4 mx-0 align-middle bg-slate h-8">
      <!---->
    </div> <span class="relative z-menu"><div class="leading-none"><button href="#" type="button" class="inline-flex items-center font-medium transition-colors duration-300 ease-in-out rounded-sm z-btn focus:outline-none whitespace-nowrap text-vanilla-100 justify-center h-12 px-4 py-2.5 text-lg space-x-2.5 leading-9 bg-ink-300 hover:bg-ink-200"><!----> <svg viewBox="0 0 24 24" stroke-linecap="round" stroke-linejoin="round" fill="none" class="z-icon w-6 h-6 z-icon--chevron-down text-vanilla-400"><polyline points="6 9 12 15 18 9"></polyline></svg></button></div> <transition-stub enterclass="sm:opacity-0 sm:scale-75" leaveclass="sm:opacity-100 sm:scale-100" entertoclass="sm:opacity-100 sm:scale-100" leavetoclass="sm:opacity-0 sm:scale-75" enteractiveclass="animate-slide-bottom-enter-active sm:animate-none sm:transition-all sm:duration-75 sm:ease-out-quad" leaveactiveclass="animate-slide-bottom-leave-active sm:animate-none sm:transition-all sm:duration-150 sm:ease-in-quad"><!----></transition-stub></span>
  </div>
  <div class="flex items-center"><a href="https://github.com" type="link" class="inline-flex items-center font-medium transition-colors duration-300 ease-in-out rounded-sm z-btn focus:outline-none whitespace-nowrap -mr-0.5 text-vanilla-100 justify-center p-0 h-13 px-4 py-3 text-lg space-x-3 leading-9 bg-ink-300 hover:bg-ink-200" rel="noopener noreferrer" target="_blank"><svg viewBox="0 0 24 24" stroke-linecap="round" stroke-linejoin="round" fill="none" class="z-icon w-8 h-8 z-icon--github text-vanilla-100 mr-3">
        <path d="M12 1C9.38799 1.00011 6.8613 1.92962 4.87196 3.62221C2.88263 5.31481 1.56048 7.66004 1.14208 10.2383C0.723674 12.8165 1.23633 15.4595 2.58831 17.6943C3.94029 19.9291 6.04337 21.61 8.52125 22.4361C9.07124 22.5324 9.27749 22.2024 9.27749 21.9136C9.27749 21.6524 9.26373 20.7861 9.26373 19.8649C6.49999 20.3736 5.785 19.1912 5.565 18.5724C5.32088 17.9706 4.93391 17.4373 4.43751 17.0186C4.05251 16.8124 3.50251 16.3036 4.42375 16.2899C4.77551 16.3281 5.11289 16.4505 5.40729 16.6468C5.7017 16.843 5.94446 17.1074 6.11499 17.4174C6.26544 17.6876 6.46774 17.9256 6.7103 18.1175C6.95286 18.3095 7.23091 18.4517 7.52852 18.536C7.82613 18.6203 8.13745 18.645 8.44464 18.6088C8.75184 18.5726 9.04886 18.4761 9.3187 18.3249C9.36632 17.7657 9.61554 17.2428 10.02 16.8537C7.57248 16.5787 5.015 15.6299 5.015 11.4225C4.99954 10.3292 5.40295 9.27151 6.14249 8.46623C5.80621 7.51608 5.84555 6.47336 6.25249 5.55125C6.25249 5.55125 7.1737 5.26249 9.27747 6.67874C11.0774 6.18372 12.9775 6.18372 14.7774 6.67874C16.8811 5.24875 17.8024 5.55125 17.8024 5.55125C18.2094 6.47334 18.2488 7.51609 17.9124 8.46623C18.6542 9.27013 19.0579 10.3288 19.0399 11.4225C19.0399 15.6436 16.4686 16.5787 14.0212 16.8537C14.2837 17.1197 14.4859 17.4392 14.614 17.7903C14.7421 18.1415 14.7932 18.516 14.7637 18.8887C14.7637 20.3599 14.7499 21.5424 14.7499 21.9136C14.7499 22.2024 14.9562 22.5461 15.5062 22.4361C17.9797 21.6033 20.0767 19.9185 21.4229 17.6825C22.7692 15.4466 23.2769 12.8049 22.8556 10.2292C22.4343 7.65346 21.1114 5.31128 19.1229 3.62074C17.1345 1.93021 14.6099 1.00136 12 1V1Z" fill="currentColor"></path>
      </svg>
      GitHub
    </a>
    <div class="relative z-divider inline-block w-px h-4 mx-0 align-middle bg-slate h-10">
      <!---->
    </div> <span class="relative z-menu"><div class="leading-none"><button href="#" type="button" class="inline-flex items-center font-medium transition-colors duration-300 ease-in-out rounded-sm z-btn focus:outline-none whitespace-nowrap text-vanilla-100 justify-center h-13 px-4 py-3 text-lg space-x-3 leading-9 bg-ink-300 hover:bg-ink-200"><!----> <svg viewBox="0 0 24 24" stroke-linecap="round" stroke-linejoin="round" fill="none" class="z-icon w-8 h-8 z-icon--chevron-down text-vanilla-400"><polyline points="6 9 12 15 18 9"></polyline></svg></button></div> <transition-stub enterclass="sm:opacity-0 sm:scale-75" leaveclass="sm:opacity-100 sm:scale-100" entertoclass="sm:opacity-100 sm:scale-100" leavetoclass="sm:opacity-0 sm:scale-75" enteractiveclass="animate-slide-bottom-enter-active sm:animate-none sm:transition-all sm:duration-75 sm:ease-out-quad" leaveactiveclass="animate-slide-bottom-leave-active sm:animate-none sm:transition-all sm:duration-150 sm:ease-in-quad"><!----></transition-stub></span>
  </div>
</div>
`;
