// Jest Snapshot v1, https://goo.gl/fbAQLP

exports[`ZNavList component renders a ZNavList when the component is mounted 1`] = `
<ul class="p-2">
  <!----> <span class=""></span>
</ul>
`;
