// Jest Snapshot v1, https://goo.gl/fbAQLP

exports[`Customers section renders customers section when the component is mounted 1`] = `
<section class="w-full-screen">
  <div class="text-center text-vanilla-100 text-sm uppercase font-bold tracking-widest mb-8"></div>
  <div class="grid grid-cols-2 md:grid-cols-4 grid-row-4 md:grid-rows-2 border-t border-ink-200"><span class="flex items-center border-b border-ink-200 h-20 md:h-40 border-r even:border-r-0 md:even:border-r"><img src="https://i.imgur.com/mu7Vh6o.png" alt="Slack1" title="Slack1" class="mx-auto object-contain h-10 w-24 md:h-auto md:w-auto"></span><span class="flex items-center border-b border-ink-200 h-20 md:h-40 border-r even:border-r-0 md:even:border-r"><img src="https://i.imgur.com/BxxXp7v.png" alt="Slack2" title="Slack2" class="mx-auto object-contain h-10 w-24 md:h-auto md:w-auto"></span><span class="flex items-center border-b border-ink-200 h-20 md:h-40 border-r even:border-r-0 md:even:border-r"><img src="https://i.imgur.com/46V02HC.png" alt="Nasa" title="Nasa" class="mx-auto object-contain h-10 w-24 md:h-auto md:w-auto"></span><span class="flex items-center border-b border-ink-200 h-20 md:h-40"><img src="https://i.imgur.com/v7zouKN.png" alt="Sas" title="Sas" class="mx-auto object-contain h-10 w-24 md:h-auto md:w-auto"></span><span class="flex items-center border-b border-ink-200 h-20 md:h-40 border-r even:border-r-0 md:even:border-r"><img src="https://i.imgur.com/ZJBUi4D.png" alt="Dgraph" title="Dgraph" class="mx-auto object-contain h-10 w-24 md:h-auto md:w-auto"></span><span class="flex items-center border-b border-ink-200 h-20 md:h-40 border-r even:border-r-0 md:even:border-r"><img src="https://i.imgur.com/O9bfIqK.png" alt="Qubole" title="Qubole" class="mx-auto object-contain h-10 w-24 md:h-auto md:w-auto"></span><span class="flex items-center border-b border-ink-200 h-20 md:h-40 border-r even:border-r-0 md:even:border-r"><img src="https://i.imgur.com/4uKLbka.png" alt="Intel" title="Intel" class="mx-auto object-contain h-10 w-24 md:h-auto md:w-auto"></span><span class="flex items-center border-b border-ink-200 h-20 md:h-40"><img src="https://i.imgur.com/9gqeCeh.png" alt="Okteto" title="Okteto" class="mx-auto object-contain h-10 w-24 md:h-auto md:w-auto"></span></div>
</section>
`;
