// Jest Snapshot v1, https://goo.gl/fbAQLP

exports[`Related Articles section render no vertical border when only one article is available 1`] = `
<div><span class="block mb-3 text-sm font-medium uppercase text-vanilla-400"></span>
  <div class="border-t border-b border-slate md:grid grid-cols-12"><span class="block sm:grid grid-cols-12 py-3 col-span-6"><span class="sm:col-span-10 mb-2 block text-vanilla-200 text-lg font-medium leading-9"><span>Odio amet tincidunt metus dictum dapibus cum nibh sed</span></span> <span class="flex items-center sm:col-span-10 text-sm font-medium uppercase text-juniper"><a href="/somethign">Read More</a> <svg viewBox="0 0 24 24" stroke-linecap="round" stroke-linejoin="round" fill="none" class="ml-1 z-icon stroke-1.5 w-4 h-4 z-icon--arrow-right text-juniper"><line x1="5" y1="12" x2="19" y2="12"></line><polyline points="12 5 19 12 12 19"></polyline></svg></span></span></div>
</div>
`;

exports[`Related Articles section renders only two related articles even on several input 1`] = `
<div><span class="block mb-3 text-sm font-medium uppercase text-vanilla-400"></span>
  <div class="border-t border-b border-slate md:grid grid-cols-12"><span class="block sm:grid grid-cols-12 py-3 col-span-6"><span class="sm:col-span-10 mb-2 block text-vanilla-200 text-lg font-medium leading-9"><span>Odio amet tincidunt metus dictum dapibus cum nibh sed</span></span> <span class="flex items-center sm:col-span-10 text-sm font-medium uppercase text-juniper"><a href="/somethign">Read More</a> <svg viewBox="0 0 24 24" stroke-linecap="round" stroke-linejoin="round" fill="none" class="ml-1 z-icon stroke-1.5 w-4 h-4 z-icon--arrow-right text-juniper"><line x1="5" y1="12" x2="19" y2="12"></line><polyline points="12 5 19 12 12 19"></polyline></svg></span></span><span class="block sm:grid grid-cols-12 py-3 md:pl-4 md:border-l md:border-t-0 border-t col-span-6"><span class="sm:col-span-10 mb-2 block text-vanilla-200 text-lg font-medium leading-9"><span>Odio amet tincidunt metus dictum dapibus cum nibh sed</span></span> <span class="flex items-center sm:col-span-10 text-sm font-medium uppercase text-juniper"><a href="/somethign">Read More</a> <svg viewBox="0 0 24 24" stroke-linecap="round" stroke-linejoin="round" fill="none" class="ml-1 z-icon stroke-1.5 w-4 h-4 z-icon--arrow-right text-juniper"><line x1="5" y1="12" x2="19" y2="12"></line><polyline points="12 5 19 12 12 19"></polyline></svg></span></span><span class="block sm:grid grid-cols-12 py-3"><span class="sm:col-span-10 mb-2 block text-vanilla-200 text-lg font-medium leading-9"><span>Odio amet tincidunt metus dictum dapibus cum nibh sed</span></span> <span class="flex items-center sm:col-span-10 text-sm font-medium uppercase text-juniper"><a href="/somethign">Read More</a> <svg viewBox="0 0 24 24" stroke-linecap="round" stroke-linejoin="round" fill="none" class="ml-1 z-icon stroke-1.5 w-4 h-4 z-icon--arrow-right text-juniper"><line x1="5" y1="12" x2="19" y2="12"></line><polyline points="12 5 19 12 12 19"></polyline></svg></span></span></div>
</div>
`;

exports[`Related Articles section renders the section once its mounted 1`] = `
<div><span class="block mb-3 text-sm font-medium uppercase text-vanilla-400"></span>
  <div class="border-t border-b border-slate md:grid grid-cols-12"></div>
</div>
`;

exports[`Related Articles section secondary articles have the correct styling classes 1`] = `
<div><span class="block mb-3 text-sm font-medium uppercase text-vanilla-400"></span>
  <div class="border-t border-b border-slate md:grid grid-cols-12"><span class="block sm:grid grid-cols-12 py-3 col-span-6"><span class="sm:col-span-10 mb-2 block text-vanilla-200 text-lg font-medium leading-9"><span>Odio amet tincidunt metus dictum dapibus cum nibh sed</span></span> <span class="flex items-center sm:col-span-10 text-sm font-medium uppercase text-juniper"><a href="/somethign">Read More</a> <svg viewBox="0 0 24 24" stroke-linecap="round" stroke-linejoin="round" fill="none" class="ml-1 z-icon stroke-1.5 w-4 h-4 z-icon--arrow-right text-juniper"><line x1="5" y1="12" x2="19" y2="12"></line><polyline points="12 5 19 12 12 19"></polyline></svg></span></span><span class="block sm:grid grid-cols-12 py-3 md:pl-4 md:border-l md:border-t-0 border-t col-span-6"><span class="sm:col-span-10 mb-2 block text-vanilla-200 text-lg font-medium leading-9"><span>Odio amet tincidunt metus dictum dapibus cum nibh sed</span></span> <span class="flex items-center sm:col-span-10 text-sm font-medium uppercase text-juniper"><a href="/somethign">Read More</a> <svg viewBox="0 0 24 24" stroke-linecap="round" stroke-linejoin="round" fill="none" class="ml-1 z-icon stroke-1.5 w-4 h-4 z-icon--arrow-right text-juniper"><line x1="5" y1="12" x2="19" y2="12"></line><polyline points="12 5 19 12 12 19"></polyline></svg></span></span></div>
</div>
`;
